d:\bstu\3sem\lpa2\lpa\lpa-2025\lpa-2025\debug\vc143.pdb
d:\bstu\3sem\lpa2\lpa\lpa-2025\lpa-2025\debug\vc143.idb
d:\bstu\3sem\lpa2\lpa\lpa-2025\lpa-2025\debug\sa.obj
d:\bstu\3sem\lpa2\lpa\lpa-2025\lpa-2025\debug\polishnotation.obj
d:\bstu\3sem\lpa2\lpa\lpa-2025\lpa-2025\debug\parm.obj
d:\bstu\3sem\lpa2\lpa\lpa-2025\lpa-2025\debug\out.obj
d:\bstu\3sem\lpa2\lpa\lpa-2025\lpa-2025\debug\mfst.obj
d:\bstu\3sem\lpa2\lpa\lpa-2025\lpa-2025\debug\lt.obj
d:\bstu\3sem\lpa2\lpa\lpa-2025\lpa-2025\debug\lpa-2025.obj
d:\bstu\3sem\lpa2\lpa\lpa-2025\lpa-2025\debug\log.obj
d:\bstu\3sem\lpa2\lpa\lpa-2025\lpa-2025\debug\la.obj
d:\bstu\3sem\lpa2\lpa\lpa-2025\lpa-2025\debug\it.obj
d:\bstu\3sem\lpa2\lpa\lpa-2025\lpa-2025\debug\in.obj
d:\bstu\3sem\lpa2\lpa\lpa-2025\lpa-2025\debug\grb.obj
d:\bstu\3sem\lpa2\lpa\lpa-2025\lpa-2025\debug\fst.obj
d:\bstu\3sem\lpa2\lpa\lpa-2025\lpa-2025\debug\error.obj
d:\bstu\3sem\lpa2\lpa\lpa-2025\lpa-2025\debug\codegeneration.obj
d:\bstu\3sem\lpa2\lpa\lpa-2025\debug\lpa-2025.exe
d:\bstu\3sem\lpa2\lpa\lpa-2025\debug\lpa-2025.pdb
d:\bstu\3sem\lpa2\lpa\lpa-2025\lpa-2025\debug\lpa-2025.ilk
d:\bstu\3sem\lpa2\lpa\lpa-2025\lpa-2025\debug\lpa-2025.tlog\cl.command.1.tlog
d:\bstu\3sem\lpa2\lpa\lpa-2025\lpa-2025\debug\lpa-2025.tlog\cl.items.tlog
d:\bstu\3sem\lpa2\lpa\lpa-2025\lpa-2025\debug\lpa-2025.tlog\cl.read.1.tlog
d:\bstu\3sem\lpa2\lpa\lpa-2025\lpa-2025\debug\lpa-2025.tlog\cl.write.1.tlog
d:\bstu\3sem\lpa2\lpa\lpa-2025\lpa-2025\debug\lpa-2025.tlog\link.command.1.tlog
d:\bstu\3sem\lpa2\lpa\lpa-2025\lpa-2025\debug\lpa-2025.tlog\link.read.1.tlog
d:\bstu\3sem\lpa2\lpa\lpa-2025\lpa-2025\debug\lpa-2025.tlog\link.secondary.1.tlog
d:\bstu\3sem\lpa2\lpa\lpa-2025\lpa-2025\debug\lpa-2025.tlog\link.write.1.tlog
